// Jest Snapshot v1, https://goo.gl/fbAQLP

exports[`Test Product title should display component with custom title 1`] = `
<span
  className="productDescription custom-class"
>
  Custom Product
</span>
`;

exports[`Test Product title should display component with the title product 1`] = `
<div
  className="productCard undefined"
>
  <span
    className="productDescription undefined"
  >
    Coffe Mug - Sin Imagen
  </span>
</div>
`;
